

ERROR LIST REPORT -- Q10B-v2.2.3.pcb -- Sat Jan 06 14:50:07 2018


----------------------------------------------------
Error   1 Location 13.02272,65.28 Level 10
Trace Keepout violation error:
TRACE(10.0764,65.28), KEEPOUT(13.25325,65.45099) overlapping
----------------------------------------------------
Error   2 Location 17.6,65.9736 Level 10
Trace Keepout violation error:
TRACE(16.82,65.9736), KEEPOUT(17.6,71.2) overlapping
----------------------------------------------------
Error   3 Location 17.6,70.3736 Level 10
Trace Keepout violation error:
TRACE(17.09,70.3736), KEEPOUT(17.6,71.2) overlapping
----------------------------------------------------
Error   4 Location 18.37153,65.4736 Level 10
Trace Keepout violation error:
TRACE(18.37153,64.64008), KEEPOUT(17.6,71.2) overlapping
----------------------------------------------------
Error   5 Location 19.88327,58.59236 Level 10
Trace Keepout violation error:
TRACE(10.0764,65.28), KEEPOUT(19.88327,58.35086) overlapping
----------------------------------------------------
Error   6 Location 21.97153,64.51552 Level 10
Trace Keepout violation error:
TRACE(21.97153,65.9736), KEEPOUT(21.60697,64.85716) overlapping
----------------------------------------------------
Error   7 Location 21.97153,64.7691 Level 10
Trace Keepout violation error:
TRACE(21.97153,65.9736), KEEPOUT(21.7596,65.34741) overlapping
----------------------------------------------------
Error   8 Location 21.97153,65.34741 Level 10
Trace Keepout violation error:
TRACE(21.97153,65.9736), KEEPOUT(17.6,71.2) overlapping
----------------------------------------------------
Error   9 Location 21.97195,62.33373 Level 10
Trace Keepout violation error:
TRACE(21.97195,63.7023), KEEPOUT(21.6338,62.65097) overlapping
----------------------------------------------------
Error  10 Location 21.97195,62.58773 Level 10
Trace Keepout violation error:
TRACE(21.97195,63.7023), KEEPOUT(21.78576,63.54027) overlapping
----------------------------------------------------
Error  11 Location 21.97195,63.4483 Level 10
Trace Keepout violation error:
TRACE(21.97195,63.7023), KEEPOUT(21.60697,64.85716) overlapping
----------------------------------------------------
Error  12 Location 21.97195,64.51038 Level 10
Trace Keepout violation error:
TRACE(21.97195,64.5151), KEEPOUT(21.60697,64.85716) overlapping
----------------------------------------------------
Error  13 Location 21.97402,61.05348 Level 10
Trace Keepout violation error:
TRACE(21.97402,61.52093), KEEPOUT(22.81698,60.69845) overlapping
----------------------------------------------------
Error  14 Location 21.97402,61.26693 Level 10
Trace Keepout violation error:
TRACE(21.97402,61.52093), KEEPOUT(21.6338,62.65097) overlapping
----------------------------------------------------
Error  15 Location 21.97402,62.33373 Level 10
Trace Keepout violation error:
TRACE(21.97402,62.33373), KEEPOUT(21.6338,62.65097) overlapping
----------------------------------------------------
Error  16 Location 22.14332,64.51038 Level 10
Trace Keepout violation error:
TRACE(21.97195,64.5151), KEEPOUT(22.14332,64.68709) overlapping
----------------------------------------------------
Error  17 Location 22.17522,62.33373 Level 10
Trace Keepout violation error:
TRACE(21.97402,62.33373), KEEPOUT(22.17522,62.49807) overlapping
----------------------------------------------------
Error  18 Location 22.61978,60.52555 Level 10
Trace Keepout violation error:
TRACE(21.97402,61.52093), KEEPOUT(24.00293,59.9965) overlapping
----------------------------------------------------
Error  19 Location 23.0852,64.51038 Level 10
Trace Keepout violation error:
TRACE(21.97195,64.5151), KEEPOUT(23.0852,64.82663) overlapping
----------------------------------------------------
Error  20 Location 23.08526,62.33373 Level 10
Trace Keepout violation error:
TRACE(21.97402,62.33373), KEEPOUT(23.08526,62.71584) overlapping
----------------------------------------------------
Error  21 Location 23.3,60.23805 Level 10
Trace Keepout violation error:
TRACE(23.3,60.81305), KEEPOUT(24.00293,59.9965) overlapping
----------------------------------------------------
Error  22 Location 23.3,60.81305 Level 10
Trace Keepout violation error:
TRACE(23.3,60.81305), KEEPOUT(24.00293,59.9965) overlapping
----------------------------------------------------
Error  23 Location 23.30167,60.23638 Level 10
Trace Keepout violation error:
TRACE(23.30167,60.23638), KEEPOUT(24.00293,59.9965) overlapping
----------------------------------------------------
Error  24 Location 23.78294,60.81305 Level 10
Trace Keepout violation error:
TRACE(23.78294,60.81305), KEEPOUT(24.00293,59.9965) overlapping
----------------------------------------------------
Error  25 Location 23.78294,60.97555 Level 10
Trace Keepout violation error:
TRACE(23.78294,60.81305), KEEPOUT(24.00293,59.9965) overlapping
----------------------------------------------------
Error  26 Location 23.8,60.23805 Level 10
Trace Keepout violation error:
TRACE(23.8,60.23805), KEEPOUT(23.65576,60.41238) overlapping
----------------------------------------------------
Error  27 Location 23.925,60.23739 Level 10
Trace Keepout violation error:
TRACE(23.8,60.23805), KEEPOUT(24.00293,59.9965) overlapping
----------------------------------------------------
Error  28 Location 23.97153,70.3736 Level 10
Trace Keepout violation error:
TRACE(23.97153,70.3736), KEEPOUT(17.6,71.2) overlapping
----------------------------------------------------
Error  29 Location 24.24527,64.44564 Level 10
Trace Keepout violation error:
TRACE(24.24527,64.44564), KEEPOUT(23.0852,64.82663) overlapping
----------------------------------------------------
Error  30 Location 24.25103,62.33468 Level 10
Trace Keepout violation error:
TRACE(24.25103,62.33468), KEEPOUT(23.08526,62.71584) overlapping
----------------------------------------------------
Error  31 Location 24.26192,59.83669 Level 10
Trace Keepout violation error:
TRACE(23.31099,59.83669), KEEPOUT(24.26192,60.83003) overlapping
----------------------------------------------------
Error  32 Location 24.26192,60.23669 Level 10
Trace Keepout violation error:
TRACE(23.8,60.23805), KEEPOUT(24.26192,60.83003) overlapping
----------------------------------------------------
Error  33 Location 24.51513,60.63669 Level 10
Trace Keepout violation error:
TRACE(24.51513,60.63669), KEEPOUT(24.26192,60.83003) overlapping
----------------------------------------------------
Error  34 Location 25.01513,59.83669 Level 10
Trace Keepout violation error:
TRACE(25.01513,59.83669), KEEPOUT(24.26192,60.83003) overlapping
----------------------------------------------------
Error  35 Location 25.01513,60.23669 Level 10
Trace Keepout violation error:
TRACE(25.01513,60.23669), KEEPOUT(24.26192,60.83003) overlapping
----------------------------------------------------
Error  36 Location 25.01513,60.63669 Level 10
Trace Keepout violation error:
TRACE(25.01513,60.63669), KEEPOUT(24.26192,60.83003) overlapping
----------------------------------------------------
Error  37 Location 25.19013,59.83669 Level 10
Trace Keepout violation error:
TRACE(25.01513,59.83669), KEEPOUT(24.76741,60.0218) overlapping
----------------------------------------------------
Error  38 Location 25.58335,59.83669 Level 10
Trace Keepout violation error:
TRACE(25.01513,59.83669), KEEPOUT(25.58335,60.18584) overlapping
----------------------------------------------------
Error  39 Location 26.72647,59.83345 Level 10
Trace Keepout violation error:
TRACE(26.72647,59.83345), KEEPOUT(25.58335,60.18584) overlapping
----------------------------------------------------
Error  40 Location 26.86651,59.83554 Level 10
Trace Keepout violation error:
TRACE(26.72647,59.83345), KEEPOUT(26.86651,59.66646) overlapping
----------------------------------------------------
Error  41 Location 27.31514,58.53554 Level 10
Trace Keepout violation error:
TRACE(10.0764,65.28), KEEPOUT(27.31514,60.15835) overlapping
----------------------------------------------------
Error  42 Location 27.31514,59.18554 Level 10
Trace Keepout violation error:
TRACE(26.98959,59.16819), KEEPOUT(27.31514,60.15835) overlapping
----------------------------------------------------
Error  43 Location 27.31514,59.83554 Level 10
Trace Keepout violation error:
TRACE(26.72647,59.83345), KEEPOUT(27.31514,60.15835) overlapping
----------------------------------------------------
Error  44 Location 29.99073,58.33554 Level 10
Trace Keepout violation error:
TRACE(29.7161,57.07696), KEEPOUT(27.31514,60.15835) overlapping
----------------------------------------------------
Error  45 Location 29.99073,59.18554 Level 10
Trace Keepout violation error:
TRACE(29.99073,59.18554), KEEPOUT(27.31514,60.15835) overlapping
----------------------------------------------------
Error  46 Location 29.99073,59.83554 Level 10
Trace Keepout violation error:
TRACE(29.90391,62.52534), KEEPOUT(27.31514,60.15835) overlapping
----------------------------------------------------
Error  47 Location 30.3588,59.18554 Level 10
Trace Keepout violation error:
TRACE(29.99073,59.18554), KEEPOUT(30.3588,59.36519) overlapping
----------------------------------------------------
Error  48 Location 30.86898,59.18554 Level 10
Trace Keepout violation error:
TRACE(29.99073,59.18554), KEEPOUT(30.86898,59.53915) overlapping
----------------------------------------------------
Error  49 Location 32.0103,59.18419 Level 10
Trace Keepout violation error:
TRACE(32.0103,59.18498), KEEPOUT(30.86898,59.53915) overlapping
----------------------------------------------------
Error  50 Location 32.17278,59.18419 Level 10
Trace Keepout violation error:
TRACE(32.0103,59.18498), KEEPOUT(32.17278,59.43886) overlapping
----------------------------------------------------
Error  51 Location 32.56523,59.18419 Level 10
Trace Keepout violation error:
TRACE(32.0103,59.18498), KEEPOUT(32.56523,59.73101) overlapping
----------------------------------------------------
Error  52 Location 33.30864,58.88388 Level 10
Trace Keepout violation error:
TRACE(33.30864,59.47169), KEEPOUT(32.56523,59.73101) overlapping
----------------------------------------------------
Error  53 Location 33.30864,58.89669 Level 10
Trace Keepout violation error:
TRACE(33.30864,58.89669), KEEPOUT(32.56523,59.73101) overlapping
----------------------------------------------------
Error  54 Location 33.30864,59.47169 Level 10
Trace Keepout violation error:
TRACE(33.30864,59.47169), KEEPOUT(32.56523,59.73101) overlapping
----------------------------------------------------
Error  55 Location 33.30864,59.63419 Level 10
Trace Keepout violation error:
TRACE(32.66871,59.928), KEEPOUT(32.56523,59.73101) overlapping
----------------------------------------------------
Error  56 Location 33.30911,58.8834 Level 10
Trace Keepout violation error:
TRACE(33.30911,58.8834), KEEPOUT(32.56523,59.73101) overlapping
----------------------------------------------------
Error  57 Location 33.30955,58.73419 Level 10
Trace Keepout violation error:
TRACE(33.28313,58.08923), KEEPOUT(32.56523,59.73101) overlapping
----------------------------------------------------
Error  58 Location 33.80864,58.89669 Level 10
Trace Keepout violation error:
TRACE(33.80864,58.89669), KEEPOUT(33.58123,59.15106) overlapping
----------------------------------------------------
Error  59 Location 33.80864,58.8973 Level 10
Trace Keepout violation error:
TRACE(33.80864,58.89669), KEEPOUT(32.56523,59.73101) overlapping
----------------------------------------------------
Error  60 Location -8.357,1.02 Level 10
Board Outline violation error:
SW4.1, BOARD(-5.588,-4.572) distance is 0.05, should be >= 0.127
----------------------------------------------------
Error  61 Location -8.357,3.52 Level 10
Board Outline violation error:
SW4.2, BOARD(-5.588,-4.572) distance is 0.05, should be >= 0.127
----------------------------------------------------
Error  62 Location -8.357,6.02 Level 10
Board Outline violation error:
SW4.3, BOARD(-5.588,-4.572) distance is 0.05, should be >= 0.127
----------------------------------------------------
Error  63 Location 3.048,59.813 Level 10
Board Outline violation error:
U5.2, BOARD(-5.588,-4.572) object is placed outside the Board area
----------------------------------------------------
Error  64 Location 3.048,64.133 Level 10
Board Outline violation error:
U5.1, BOARD(-5.588,-4.572) object is placed outside the Board area
----------------------------------------------------
Error  65 Location 3.048,68.453 Level 10
Board Outline violation error:
U5.3, BOARD(-5.588,-4.572) object is placed outside the Board area
----------------------------------------------------
Error  66 Location 16.05498,-6.59992 Level 10
Drill spacing violation:
J5.11, TRACE(16.05498,-6.59992) overlapping
----------------------------------------------------
Error  67 Location 17.72998,-3.60636 Level 10
Drill spacing violation:
J5.7, TRACE(15.20536,-4.25251) overlapping
----------------------------------------------------
Error  68 Location 17.72998,-3.51992 Level 10
Drill spacing violation:
J5.7, TRACE(17.25498,-3.51992) overlapping
----------------------------------------------------
Error  69 Location 23.675,59.95612 Level 10
Distance between pad and track too small:
U6.4, TRACE(23.31099,59.83669) distance is 0.12386, should be >= 0.127
----------------------------------------------------
Error  70 Location 24.25498,-6.59992 Level 10
Drill spacing violation:
J5.8, TRACE(21.09248,-6.79992) overlapping
----------------------------------------------------
Error  71 Location 24.25498,-6.52659 Level 10
Drill spacing violation:
J5.8, TRACE(21.45498,-3.72492) overlapping
----------------------------------------------------
Error  72 Location 24.6649,61.18616 Level 10
Distance between pad and track too small:
VIA(24.45786,61.39321), TRACE(24.51513,60.63669) distance is 0.115, should be >= 0.127
----------------------------------------------------
Error  73 Location 26.71233,60.16371 Level 10
Distance between pads too small:
C108.2, VIA(26.71233,60.39238) distance is 0.10173, should be >= 0.127
----------------------------------------------------
Error  74 Location 23.3003,59.9965 Level 6
Trace Keepout violation error:
TRACE(22.25254,59.30181), KEEPOUT(24.00293,59.9965) overlapping
----------------------------------------------------
