                 *** Cim Status Report ***
---------------------------------------------------------------
 Ref    Part Name        Level            Inserted by
---------------------------------------------------------------
 FID3   FIDUCIAL         Top side         Missing         
 FID2   FIDUCIAL         Top side         Missing         
 FID1   FIDUCIAL         Top side         Missing         
 U17    STC3115AIQT      Top side         Missing         
 TP30   TP-RED{RED}      Top side         Missing         
 TP29   TP-RED{RED}      Top side         Missing         
 TP14   TP-RED{RED}      Top side         Missing         
 J84    2PINTP           Top side         Missing         
 J83    2PINTP           Top side         Missing         
 J82    2PINTP           Top side         Missing         
 J81    2PINTP           Top side         Missing         
 J80    2PINTP           Top side         Missing         
 J79    2PINTP           Top side         Missing         
 J78    2PINTP           Top side         Missing         
 M4     GNDMHOLE         Top side         Missing         
 M3     GNDMHOLE         Top side         Missing         
 M2     GNDMHOLE         Top side         Missing         
 M1     GNDMHOLE         Top side         Missing         
 C14    CAPACITOR{1.5PF} Top side         Missing         
 C10    CAPACITOR{1PF}   Top side         Missing         
 C9     CAPACITOR{2.2PF} Top side         Missing         
 C8     CAPACITOR{2.2NF} Top side         Missing         
 C7     CAPACITOR{1NF}   Top side         Missing         
 C6     CAPACITOR{100NF} Top side         Missing         
 C5     CAPACITOR{100NF} Top side         Missing         
 C4     CAPACITOR{100NF} Top side         Missing         
 C37    CAPACITOR{100NF} Top side         Missing         
 C36    CAPACITOR{100NF} Top side         Missing         
 C35    CAPACITOR{1UF}   Top side         Missing         
 C34    CAPACITOR{4.7UF} Top side         Missing         
 C33    CAPACITOR{10UF}  Top side         Missing         
 C32    CAPACITOR{4.7UF} Top side         Missing         
 C31    CAPACITOR{100NF} Top side         Missing         
 C30    CAPACITOR{100NF} Top side         Missing         
 C3     CAPACITOR{12PF}  Top side         Missing         
 C29    CAPACITOR{1NF}   Top side         Missing         
 C28    CAPACITOR{22PF}  Top side         Missing         
 C27    CAPACITOR{22PF}  Top side         Missing         
 C26    CAPACITOR{12PF}  Top side         Missing         
 C25    CAPACITOR{100NF} Top side         Missing         
 C24    CAPACITOR{100NF} Top side         Missing         
 C23    CAPACITOR{12PF}  Top side         Missing         
 C22    CAPACITOR{4.7UF} Top side         Missing         
 C21    CAPACITOR{22UF}  Top side         Missing         
 C20    CAPACITOR{4.7UF} Top side         Missing         
 C2     CAPACITOR{47NF}  Top side         Missing         
 C19    CAPACITOR{4.7UF} Top side         Missing         
 C18    CAPACITOR{4.7UF} Top side         Missing         
 C17    CAPACITOR{100NF} Top side         Missing         
 C16    CAPACITOR{100NF} Top side         Missing         
 C15    CAPACITOR{100NF} Top side         Missing         
 C13    CAPACITOR{12PF}  Top side         Missing         
 C12    CAPACITOR{12PF}  Top side         Missing         
 C11    CAPACITOR{12PF}  Top side         Missing         
 C1     CAPACITOR{2.2UF} Top side         Missing         
 SW1    CL-SB-23B-11T    Top side         Missing         
 ANT1   A6111            Top side         Missing         
 ZA1    ZENERBOX{5V}     Top side         Missing         
 J1     USBADAPTER       Bottom side      Missing         
 U4     TXB0108RGYR      Top side         Missing         
 U3     TXB0108RGYR      Top side         Missing         
 U8     TXB0104DR        Top side         Missing         
 U6     TS3A44159RGTR    Top side         Missing         
 U5     TS3A44159RGTR    Top side         Missing         
 TP49   TP-YELLOW{YELLOW} Top side         Missing         
 TP48   TP-YELLOW{YELLOW} Top side         Missing         
 TP47   TP-YELLOW{YELLOW} Top side         Missing         
 TP46   TP-YELLOW{YELLOW} Top side         Missing         
 TP45   TP-WHITE{WHITE}  Top side         Missing         
 TP44   TP-WHITE{WHITE}  Top side         Missing         
 TP43   TP-WHITE{WHITE}  Top side         Missing         
 TP42   TP-WHITE{WHITE}  Top side         Missing         
 TP41   TP-WHITE{WHITE}  Top side         Missing         
 TP40   TP-WHITE{WHITE}  Top side         Missing         
 TP39   TP-WHITE{WHITE}  Top side         Missing         
 TP38   TP-WHITE{WHITE}  Top side         Missing         
 TP37   TP-WHITE{WHITE}  Top side         Missing         
 TP36   TP-WHITE{WHITE}  Top side         Missing         
 TP35   TP-WHITE{WHITE}  Top side         Missing         
 TP34   TP-WHITE{WHITE}  Top side         Missing         
 TP27   TP-RED{RED}      Top side         Missing         
 TP26   TP-RED{RED}      Top side         Missing         
 TP25   TP-RED{RED}      Top side         Missing         
 TP24   TP-RED{RED}      Top side         Missing         
 TP23   TP-RED{RED}      Top side         Missing         
 TP22   TP-RED{RED}      Top side         Missing         
 TP21   TP-RED{RED}      Top side         Missing         
 TP20   TP-RED{RED}      Top side         Missing         
 TP19   TP-RED{RED}      Top side         Missing         
 TP18   TP-RED{RED}      Top side         Missing         
 TP61   TP-PURPLE{PURPLE} Top side         Missing         
 TP60   TP-PURPLE{PURPLE} Top side         Missing         
 TP59   TP-PURPLE{PURPLE} Top side         Missing         
 TP58   TP-PURPLE{PURPLE} Top side         Missing         
 TP17   TP-ORANGE{ORANGE} Top side         Missing         
 TP16   TP-ORANGE{ORANGE} Top side         Missing         
 TP15   TP-ORANGE{ORANGE} Top side         Missing         
 TP13   TP-ORANGE{ORANGE} Top side         Missing         
 TP12   TP-ORANGE{ORANGE} Top side         Missing         
 TP11   TP-ORANGE{ORANGE} Top side         Missing         
 TP6    TP-GREY{GREY}    Top side         Missing         
 TP5    TP-GREY{GREY}    Top side         Missing         
 TP4    TP-GREY{GREY}    Top side         Missing         
 TP3    TP-GREY{GREY}    Top side         Missing         
 TP2    TP-GREY{GREY}    Top side         Missing         
 TP1    TP-GREY{GREY}    Top side         Missing         
 TP28   TP-GREEN{GREEN}  Top side         Missing         
 TP57   TP-BROWN{BROWN}  Top side         Missing         
 TP56   TP-BROWN{BROWN}  Top side         Missing         
 TP55   TP-BROWN{BROWN}  Top side         Missing         
 TP54   TP-BROWN{BROWN}  Top side         Missing         
 TP53   TP-BROWN{BROWN}  Top side         Missing         
 TP52   TP-BROWN{BROWN}  Top side         Missing         
 TP51   TP-BROWN{BROWN}  Top side         Missing         
 TP50   TP-BROWN{BROWN}  Top side         Missing         
 TP9    TP-BLUE{BLUE}    Top side         Missing         
 TP8    TP-BLUE{BLUE}    Top side         Missing         
 TP7    TP-BLUE{BLUE}    Top side         Missing         
 TP10   TP-BLUE{BLUE}    Top side         Missing         
 J2     SMAVERTICAL      Top side         Missing         
 J4     SDCARDHOLDER     Top side         Missing         
 U16    SD103ATW-7-F     Top side         Missing         
 R9     RESISTOR{75K}    Top side         Missing         
 R8     RESISTOR{330R}   Top side         Missing         
 R7     RESISTOR{23.7K}  Top side         Missing         
 R6     RESISTOR{23.7K}  Top side         Missing         
 R5     RESISTOR{23.7K}  Top side         Missing         
 R4     RESISTOR{23.7K}  Top side         Missing         
 R30    RESISTOR{1K}     Top side         Missing         
 R3     RESISTOR{75K}    Top side         Missing         
 R29    RESISTOR{1K}     Top side         Missing         
 R28    RESISTOR{23.7K}  Top side         Missing         
 R27    RESISTOR{470R}   Top side         Missing         
 R26    RESISTOR{75K}    Top side         Missing         
 R25    RESISTOR{75K}    Top side         Missing         
 R24    RESISTOR{2.2R}   Top side         Missing         
 R23    RESISTOR{2.2R}   Top side         Missing         
 R22    RESISTOR{75K}    Top side         Missing         
 R21    RESISTOR{75K}    Top side         Missing         
 R20    RESISTOR{51R}    Top side         Missing         
 R2     RESISTOR{75K}    Top side         Missing         
 R19    RESISTOR{75K}    Top side         Missing         
 R18    RESISTOR{75K}    Top side         Missing         
 R17    RESISTOR{75K}    Top side         Missing         
 R16    RESISTOR{33R}    Top side         Missing         
 R15    RESISTOR{33R}    Top side         Missing         
 R14    RESISTOR{4.7K}   Top side         Missing         
 R13    RESISTOR{10K}    Top side         Missing         
 R12    RESISTOR{75K}    Top side         Missing         
 R11    RESISTOR{75K}    Top side         Missing         
 R10    RESISTOR{75K}    Top side         Missing         
 R1     RESISTOR{75K}    Top side         Missing         
 U10    NRF51422         Top side         Missing         
 Q2     NMOS             Top side         Missing         
 Q1     NMOS             Top side         Missing         
 X2     NDKCRYSTAL{16MHZ} Top side         Missing         
 X1     NDKCRYSTAL{16MHZ} Top side         Missing         
 U9     MMA8452QT        Top side         Missing         
 U1     MKL26Z128VFM4    Top side         Missing         
 U2     MCP73832         Top side         Missing         
 U14    LOADSWITCH       Top side         Missing         
 U13    LOADSWITCH       Top side         Missing         
 BAT1   KEYSTONE3009     Top side         Missing         
 U7     FSUSB63UMX       Top side         Missing         
 J3     FFC18            Top side         Missing         
 FB3    FERRITEBEAD{3.3NH} Top side         Missing         
 FB2    FERRITEBEAD{4.7NH} Top side         Missing         
 FB1    FERRITEBEAD{27NH} Top side         Missing         
 X3     CRYSTAL2{32.768KHZ} Top side         Missing         
 LED1   BLUELED{ORANGE}  Top side         Missing         
 U15    AU6465R          Top side         Missing         
 U12    3V0TIREG{3V}     Top side         Missing         
 U11    3V0TIREG{3V}     Top side         Missing         
 J9     2PINTP           Top side         Missing         
 J8     2PINTP           Top side         Missing         
 J77    2PINTP           Top side         Missing         
 J76    2PINTP           Top side         Missing         
 J75    2PINTP           Top side         Missing         
 J74    2PINTP           Top side         Missing         
 J73    2PINTP           Top side         Missing         
 J72    2PINTP           Top side         Missing         
 J71    2PINTP           Top side         Missing         
 J70    2PINTP           Top side         Missing         
 J7     2PINTP           Top side         Missing         
 J69    2PINTP           Top side         Missing         
 J68    2PINTP           Top side         Missing         
 J67    2PINTP           Top side         Missing         
 J66    2PINTP           Top side         Missing         
 J65    2PINTP           Top side         Missing         
 J64    2PINTP           Top side         Missing         
 J63    2PINTP           Top side         Missing         
 J62    2PINTP           Top side         Missing         
 J61    2PINTP           Top side         Missing         
 J60    2PINTP           Top side         Missing         
 J6     2PINTP           Top side         Missing         
 J59    2PINTP           Top side         Missing         
 J58    2PINTP           Top side         Missing         
 J57    2PINTP           Top side         Missing         
 J56    2PINTP           Top side         Missing         
 J55    2PINTP           Top side         Missing         
 J54    2PINTP           Top side         Missing         
 J53    2PINTP           Top side         Missing         
 J52    2PINTP           Top side         Missing         
 J51    2PINTP           Top side         Missing         
 J50    2PINTP           Top side         Missing         
 J5     2PINTP           Top side         Missing         
 J49    2PINTP           Top side         Missing         
 J48    2PINTP           Top side         Missing         
 J47    2PINTP           Top side         Missing         
 J46    2PINTP           Top side         Missing         
 J45    2PINTP           Top side         Missing         
 J44    2PINTP           Top side         Missing         
 J43    2PINTP           Top side         Missing         
 J42    2PINTP           Top side         Missing         
 J41    2PINTP           Top side         Missing         
 J40    2PINTP           Top side         Missing         
 J39    2PINTP           Top side         Missing         
 J38    2PINTP           Top side         Missing         
 J37    2PINTP           Top side         Missing         
 J36    2PINTP           Top side         Missing         
 J35    2PINTP           Top side         Missing         
 J34    2PINTP           Top side         Missing         
 J33    2PINTP           Top side         Missing         
 J32    2PINTP           Top side         Missing         
 J31    2PINTP           Top side         Missing         
 J30    2PINTP           Top side         Missing         
 J29    2PINTP           Top side         Missing         
 J28    2PINTP           Top side         Missing         
 J27    2PINTP           Top side         Missing         
 J26    2PINTP           Top side         Missing         
 J25    2PINTP           Top side         Missing         
 J24    2PINTP           Top side         Missing         
 J23    2PINTP           Top side         Missing         
 J22    2PINTP           Top side         Missing         
 J21    2PINTP           Top side         Missing         
 J20    2PINTP           Top side         Missing         
 J19    2PINTP           Top side         Missing         
 J18    2PINTP           Top side         Missing         
 J17    2PINTP           Top side         Missing         
 J16    2PINTP           Top side         Missing         
 J15    2PINTP           Top side         Missing         
 J14    2PINTP           Top side         Missing         
 J13    2PINTP           Top side         Missing         
 J12    2PINTP           Top side         Missing         
 J11    2PINTP           Top side         Missing         
 J10    2PINTP           Top side         Missing         
